
Warning-[LNX_OS_VERUN] Unsupported Linux version
  Linux version 'Rocky Linux release 8.10 (Green Obsidian)' is not supported 
  on 'x86_64' officially, assuming linux compatibility by default. Set 
  VCS_ARCH_OVERRIDE to linux or suse32 to override.
  Please refer to release notes for information on supported platforms.

Command: vcs -full64 -sverilog -debug_access+all -debug_region+cell -kdb -timescale=1ns/1ps \
+incdir+/home/student/sriv_183/aes_core-master_friend/rtl/verilog -top test -o /home/student/sriv_183/aes_core-master_friend/sim/vcs/simv \
/home/student/sriv_183/aes_core-master_friend/rtl/verilog/timescale.v /home/student/sriv_183/aes_core-master_friend/rtl/verilog/aes_rcon.v \
/home/student/sriv_183/aes_core-master_friend/rtl/verilog/aes_sbox.v /home/student/sriv_183/aes_core-master_friend/rtl/verilog/aes_inv_sbox.v \
/home/student/sriv_183/aes_core-master_friend/rtl/verilog/aes_key_expand_128.v /home/student/sriv_183/aes_core-master_friend/rtl/verilog/aes_cipher_top.v \
/home/student/sriv_183/aes_core-master_friend/rtl/verilog/aes_inv_cipher_top.v /home/student/sriv_183/aes_core-master_friend/bench/verilog/test_bench_top.v \
-l /home/student/sriv_183/aes_core-master_friend/sim/vcs/log/compile.log
                         Chronologic VCS (TM)
         Version U-2023.03_Full64 -- Sat Sep  5 16:12:04 2026

                    Copyright (c) 1991 - 2023 Synopsys, Inc.
   This software and the associated documentation are proprietary to Synopsys,
 Inc. This software may only be used in accordance with the terms and conditions
 of a written license agreement with Synopsys, Inc. All other use, reproduction,
   or distribution of this software is strictly prohibited.  Licensed Products
     communicate with Synopsys servers for the purpose of providing software
    updates, detecting software piracy and verifying that customers are using
    Licensed Products in conformity with the applicable License Key for such
  Licensed Products. Synopsys will use information gathered in connection with
    this process to deliver software updates and pursue software pirates and
                                   infringers.

 Inclusivity & Diversity - Visit SolvNetPlus to read the "Synopsys Statement on
            Inclusivity and Diversity" (Refer to article 000036315 at
                        https://solvnetplus.synopsys.com)

Parsing design file '/home/student/sriv_183/aes_core-master_friend/rtl/verilog/timescale.v'
Parsing design file '/home/student/sriv_183/aes_core-master_friend/rtl/verilog/aes_rcon.v'
Parsing included file '/home/student/sriv_183/aes_core-master_friend/rtl/verilog/timescale.v'.
Back to file '/home/student/sriv_183/aes_core-master_friend/rtl/verilog/aes_rcon.v'.
Parsing design file '/home/student/sriv_183/aes_core-master_friend/rtl/verilog/aes_sbox.v'
Parsing included file '/home/student/sriv_183/aes_core-master_friend/rtl/verilog/timescale.v'.
Back to file '/home/student/sriv_183/aes_core-master_friend/rtl/verilog/aes_sbox.v'.
Parsing design file '/home/student/sriv_183/aes_core-master_friend/rtl/verilog/aes_inv_sbox.v'
Parsing included file '/home/student/sriv_183/aes_core-master_friend/rtl/verilog/timescale.v'.
Back to file '/home/student/sriv_183/aes_core-master_friend/rtl/verilog/aes_inv_sbox.v'.
Parsing design file '/home/student/sriv_183/aes_core-master_friend/rtl/verilog/aes_key_expand_128.v'
Parsing included file '/home/student/sriv_183/aes_core-master_friend/rtl/verilog/timescale.v'.
Back to file '/home/student/sriv_183/aes_core-master_friend/rtl/verilog/aes_key_expand_128.v'.
Parsing design file '/home/student/sriv_183/aes_core-master_friend/rtl/verilog/aes_cipher_top.v'
Parsing included file '/home/student/sriv_183/aes_core-master_friend/rtl/verilog/timescale.v'.
Back to file '/home/student/sriv_183/aes_core-master_friend/rtl/verilog/aes_cipher_top.v'.
Parsing design file '/home/student/sriv_183/aes_core-master_friend/rtl/verilog/aes_inv_cipher_top.v'
Parsing included file '/home/student/sriv_183/aes_core-master_friend/rtl/verilog/timescale.v'.
Back to file '/home/student/sriv_183/aes_core-master_friend/rtl/verilog/aes_inv_cipher_top.v'.
Parsing design file '/home/student/sriv_183/aes_core-master_friend/bench/verilog/test_bench_top.v'
Parsing included file '/home/student/sriv_183/aes_core-master_friend/rtl/verilog/timescale.v'.
Back to file '/home/student/sriv_183/aes_core-master_friend/bench/verilog/test_bench_top.v'.
Top Level Modules:
       test
TimeScale is 1 ns / 10 ps
Starting vcs inline pass...

4 modules and 0 UDP read.
recompiling module aes_inv_cipher_top
recompiling module test
Both modules done.
	However, due to incremental compilation, only 2 modules need to be compiled. 
rm -f _cuarc*.so _csrc*.so pre_vcsobj_*.so share_vcsobj_*.so
if [ -x /home/student/sriv_183/aes_core-master_friend/sim/vcs/simv ]; then chmod \
a-x /home/student/sriv_183/aes_core-master_friend/sim/vcs/simv; fi
g++  -o /home/student/sriv_183/aes_core-master_friend/sim/vcs/simv      -rdynamic \
-Wl,-rpath='$ORIGIN'/simv.daidir -Wl,-rpath=./simv.daidir -Wl,-rpath=/home/student/snps_tools_target/vcs/U-2023.03/linux64/lib \
-L/home/student/snps_tools_target/vcs/U-2023.03/linux64/lib  -Wl,-rpath-link=./  \
/usr/lib64/libnuma.so.1   objs/amcQw_d.o   _67366_archive_1.so _prev_archive_1.so \
SIM_l.o      rmapats_mop.o rmapats.o rmar.o rmar_nd.o  rmar_llvm_0_1.o rmar_llvm_0_0.o \
-lvirsim -lerrorinf -lsnpsmalloc -lvfs    -lvcsnew -lsimprofile -luclinative /home/student/snps_tools_target/vcs/U-2023.03/linux64/lib/vcs_tls.o \
-Wl,-whole-archive  -lvcsucli    -Wl,-no-whole-archive        _vcs_pli_stub_.o   \
/home/student/snps_tools_target/vcs/U-2023.03/linux64/lib/vcs_save_restore_new.o \
/home/student/snps_tools_target/verdi/U-2023.03-SP1/share/PLI/VCS/LINUX64/pli.a -ldl \
-lc -lm -lpthread -ldl 
/home/student/sriv_183/aes_core-master_friend/sim/vcs/simv up to date
CPU time: .337 seconds to compile + .151 seconds to elab + .163 seconds to link
Verdi KDB elaboration done and the database successfully generated: 0 error(s), 0 warning(s)
