Command: /home/student/sriv_183/aes_core-master_friend/sim/vcs/./simv +vcs+fsdbon -l /home/student/sriv_183/aes_core-master_friend/sim/vcs/log/sim.log
Chronologic VCS simulator copyright 1991-2023
Contains Synopsys proprietary information.
Compiler version U-2023.03_Full64; Runtime version U-2023.03_Full64;  Sep  5 16:12 2026
*Verdi* Loading libsscore_vcs202303.so
FSDB Dumper for VCS, Release Verdi_U-2023.03-SP1, Linux x86_64/64bit, 05/28/2023
(C) 1996 - 2023 by Synopsys, Inc.
*Verdi* : Create FSDB file 'wave.fsdb'
*Verdi* : Begin traversing the scope (test), layer (0).
*Verdi* : End of traversing.



*****************************************************
* AES Test bench ...
*****************************************************




Started random test ...


Test Done. Found 0 Errors.


$finish called from file "/home/student/sriv_183/aes_core-master_friend/bench/verilog/test_bench_top.v", line 438.
$finish at simulation time              7701500
           V C S   S i m u l a t i o n   R e p o r t 
Time: 77015000 ps
CPU Time:      0.450 seconds;       Data structure size:   0.1Mb
Sat Sep  5 16:12:09 2026
